// Jest Snapshot v1, https://goo.gl/fbAQLP

exports[`insert-table insert table 1`] = `
Object {
  "document": Object {
    "data": Object {},
    "nodes": Array [
      Object {
        "data": Object {},
        "nodes": Array [
          Object {
            "leaves": Array [
              Object {
                "marks": Array [],
                "object": "leaf",
                "text": "Lorem ipsum ...",
              },
            ],
            "object": "text",
          },
        ],
        "object": "block",
        "type": "paragraph",
      },
      Object {
        "data": Object {},
        "nodes": Array [
          Object {
            "data": Object {},
            "nodes": Array [
              Object {
                "data": Object {},
                "nodes": Array [
                  Object {
                    "data": Object {
                      "maxWidth": undefined,
                    },
                    "nodes": Array [
                      Object {
                        "data": Object {},
                        "nodes": Array [
                          Object {
                            "data": Object {
                              "width": "120",
                            },
                            "nodes": Array [
                              Object {
                                "data": Object {},
                                "nodes": Array [
                                  Object {
                                    "leaves": Array [
                                      Object {
                                        "marks": Array [],
                                        "object": "leaf",
                                        "text": " ",
                                      },
                                    ],
                                    "object": "text",
                                  },
                                ],
                                "object": "block",
                                "type": "table_content",
                              },
                            ],
                            "object": "block",
                            "type": "table_cell",
                          },
                          Object {
                            "data": Object {
                              "width": "120",
                            },
                            "nodes": Array [
                              Object {
                                "data": Object {},
                                "nodes": Array [
                                  Object {
                                    "leaves": Array [
                                      Object {
                                        "marks": Array [],
                                        "object": "leaf",
                                        "text": " ",
                                      },
                                    ],
                                    "object": "text",
                                  },
                                ],
                                "object": "block",
                                "type": "table_content",
                              },
                            ],
                            "object": "block",
                            "type": "table_cell",
                          },
                        ],
                        "object": "block",
                        "type": "table_row",
                      },
                      Object {
                        "data": Object {},
                        "nodes": Array [
                          Object {
                            "data": Object {
                              "width": "120",
                            },
                            "nodes": Array [
                              Object {
                                "data": Object {},
                                "nodes": Array [
                                  Object {
                                    "leaves": Array [
                                      Object {
                                        "marks": Array [],
                                        "object": "leaf",
                                        "text": " ",
                                      },
                                    ],
                                    "object": "text",
                                  },
                                ],
                                "object": "block",
                                "type": "table_content",
                              },
                            ],
                            "object": "block",
                            "type": "table_cell",
                          },
                          Object {
                            "data": Object {
                              "width": "120",
                            },
                            "nodes": Array [
                              Object {
                                "data": Object {},
                                "nodes": Array [
                                  Object {
                                    "leaves": Array [
                                      Object {
                                        "marks": Array [],
                                        "object": "leaf",
                                        "text": " ",
                                      },
                                    ],
                                    "object": "text",
                                  },
                                ],
                                "object": "block",
                                "type": "table_content",
                              },
                            ],
                            "object": "block",
                            "type": "table_cell",
                          },
                        ],
                        "object": "block",
                        "type": "table_row",
                      },
                    ],
                    "object": "block",
                    "type": "table",
                  },
                  Object {
                    "data": Object {},
                    "nodes": Array [
                      Object {
                        "leaves": Array [
                          Object {
                            "marks": Array [],
                            "object": "leaf",
                            "text": "0",
                          },
                        ],
                        "object": "text",
                      },
                    ],
                    "object": "block",
                    "type": "table_content",
                  },
                ],
                "object": "block",
                "type": "table_cell",
              },
              Object {
                "data": Object {},
                "nodes": Array [
                  Object {
                    "data": Object {},
                    "nodes": Array [
                      Object {
                        "leaves": Array [
                          Object {
                            "marks": Array [],
                            "object": "leaf",
                            "text": "1",
                          },
                        ],
                        "object": "text",
                      },
                    ],
                    "object": "block",
                    "type": "table_content",
                  },
                ],
                "object": "block",
                "type": "table_cell",
              },
            ],
            "object": "block",
            "type": "table_row",
          },
          Object {
            "data": Object {},
            "nodes": Array [
              Object {
                "data": Object {},
                "nodes": Array [
                  Object {
                    "data": Object {},
                    "nodes": Array [
                      Object {
                        "leaves": Array [
                          Object {
                            "marks": Array [],
                            "object": "leaf",
                            "text": "2",
                          },
                        ],
                        "object": "text",
                      },
                    ],
                    "object": "block",
                    "type": "table_content",
                  },
                ],
                "object": "block",
                "type": "table_cell",
              },
              Object {
                "data": Object {},
                "nodes": Array [
                  Object {
                    "data": Object {},
                    "nodes": Array [
                      Object {
                        "leaves": Array [
                          Object {
                            "marks": Array [],
                            "object": "leaf",
                            "text": "3",
                          },
                        ],
                        "object": "text",
                      },
                    ],
                    "object": "block",
                    "type": "table_content",
                  },
                ],
                "object": "block",
                "type": "table_cell",
              },
            ],
            "object": "block",
            "type": "table_row",
          },
        ],
        "object": "block",
        "type": "table",
      },
    ],
    "object": "document",
  },
  "object": "value",
}
`;

exports[`insert-table insert table 2`] = `"<p style=\\"margin:0\\">Lorem ipsum ...</p><table><tbody><tr><td style=\\"width:auto\\"><table><tbody><tr><td style=\\"width:120px\\"></td><td style=\\"width:120px\\"></td></tr><tr><td style=\\"width:120px\\"></td><td style=\\"width:120px\\"></td></tr></tbody></table></td><td style=\\"width:auto\\"></td></tr><tr><td style=\\"width:auto\\"></td><td style=\\"width:auto\\"></td></tr></tbody></table>"`;
