// Jest Snapshot v1, https://goo.gl/fbAQLP

exports[`merge-below merge below in 2X2 table 1`] = `
Object {
  "document": Object {
    "data": Object {},
    "nodes": Array [
      Object {
        "data": Object {},
        "nodes": Array [
          Object {
            "leaves": Array [
              Object {
                "marks": Array [],
                "object": "leaf",
                "text": "Lorem ipsum ...",
              },
            ],
            "object": "text",
          },
        ],
        "object": "block",
        "type": "paragraph",
      },
      Object {
        "data": Object {},
        "nodes": Array [
          Object {
            "data": Object {},
            "nodes": Array [
              Object {
                "data": Object {
                  "rowspan": 2,
                },
                "nodes": Array [
                  Object {
                    "data": Object {},
                    "nodes": Array [
                      Object {
                        "leaves": Array [
                          Object {
                            "marks": Array [],
                            "object": "leaf",
                            "text": "2",
                          },
                        ],
                        "object": "text",
                      },
                    ],
                    "object": "block",
                    "type": "table_content",
                  },
                  Object {
                    "data": Object {},
                    "nodes": Array [
                      Object {
                        "leaves": Array [
                          Object {
                            "marks": Array [],
                            "object": "leaf",
                            "text": "0",
                          },
                        ],
                        "object": "text",
                      },
                    ],
                    "object": "block",
                    "type": "table_content",
                  },
                ],
                "object": "block",
                "type": "table_cell",
              },
              Object {
                "data": Object {},
                "nodes": Array [
                  Object {
                    "data": Object {},
                    "nodes": Array [
                      Object {
                        "leaves": Array [
                          Object {
                            "marks": Array [],
                            "object": "leaf",
                            "text": "1",
                          },
                        ],
                        "object": "text",
                      },
                    ],
                    "object": "block",
                    "type": "table_content",
                  },
                ],
                "object": "block",
                "type": "table_cell",
              },
            ],
            "object": "block",
            "type": "table_row",
          },
          Object {
            "data": Object {},
            "nodes": Array [
              Object {
                "data": Object {},
                "nodes": Array [
                  Object {
                    "data": Object {},
                    "nodes": Array [
                      Object {
                        "leaves": Array [
                          Object {
                            "marks": Array [],
                            "object": "leaf",
                            "text": "3",
                          },
                        ],
                        "object": "text",
                      },
                    ],
                    "object": "block",
                    "type": "table_content",
                  },
                ],
                "object": "block",
                "type": "table_cell",
              },
            ],
            "object": "block",
            "type": "table_row",
          },
        ],
        "object": "block",
        "type": "table",
      },
    ],
    "object": "document",
  },
  "object": "value",
}
`;

exports[`merge-below merge below in 2X2 table 2`] = `"<p style=\\"margin:0\\">Lorem ipsum ...</p><table><tbody><tr><td rowspan=\\"2\\" style=\\"width:auto\\"></td><td style=\\"width:auto\\"></td></tr><tr><td style=\\"width:auto\\"></td></tr></tbody></table>"`;
